LICENSES
============================================================

This product includes multiple software components.
The license terms for each component are provided below.

------------------------------------------------------------
Component: javabro

javabro dummy test license

------------------------------------------------------------
Component: meep

meepy dummy test license
